// Jest Snapshot v1, https://goo.gl/fbAQLP

exports[`App renders learn react link 1`] = `Object {}`;
